// Jest Snapshot v1, https://goo.gl/fbAQLP

exports[`[Button] should render correctly 1`] = `
<View
  accessible={true}
  collapsable={false}
  focusable={true}
  onBlur={[Function]}
  onClick={[Function]}
  onFocus={[Function]}
  onResponderGrant={[Function]}
  onResponderMove={[Function]}
  onResponderRelease={[Function]}
  onResponderTerminate={[Function]}
  onResponderTerminationRequest={[Function]}
  onStartShouldSetResponder={[Function]}
  style={
    Array [
      Object {},
    ]
  }
>
  <Text
    style={
      Array [
        Object {
          "color": "#FFFFFF",
          "fontFamily": "NunitoSans-Regular",
          "fontSize": 16,
          "fontWeight": "bold",
          "lineHeight": 24,
        },
      ]
    }
  >
    placeholder
  </Text>
</View>
`;
