// Jest Snapshot v1, https://goo.gl/fbAQLP

exports[`[Link] should render correctly 1`] = `
<View
  accessible={true}
  collapsable={false}
  focusable={true}
  onBlur={[Function]}
  onClick={[Function]}
  onFocus={[Function]}
  onResponderGrant={[Function]}
  onResponderMove={[Function]}
  onResponderRelease={[Function]}
  onResponderTerminate={[Function]}
  onResponderTerminationRequest={[Function]}
  onStartShouldSetResponder={[Function]}
>
  <Text
    style={
      Array [
        Object {
          "color": "#000000",
          "fontFamily": "NunitoSans-Regular",
          "fontSize": 16,
          "lineHeight": 24,
        },
      ]
    }
  >
    This is some link text
  </Text>
</View>
`;
